../area/social.are
../area/help_wiz.are
../area/help_skills.are
../area/help_rom.are
../area/help_olc.are
../area/help_new.are
../area/help.are
../area/limbo.are
../area/aehall.are
../area/android1.are
../area/arlia1.are
../area/artic.are
../area/babidi.are
../area/cchall.are
../area/cou1.are
../area/desert.are
../area/earth1.are
../area/earth2.are
../area/earth3.are
../area/earth4.are
../area/earth5.are
../area/earth6.are
../area/earth7.are
../area/earth8.are
../area/filler.are
../area/filler2.are
../area/forest.are
../area/freeza.are
../area/heaven1.are
../area/hell1.are
../area/icer1.are
../area/majin1.are
../area/namek3.are
../area/namekpla.are
../area/namektra.are
../area/namvil.are
../area/player.are
../area/player2.are
../area/quest.are
../area/satan2.are
../area/satan3.are
../area/shenron.are
../area/ship.are
../area/shizin.are
../area/snake1.are
../area/south.are
../area/templar.are
../area/test.are
../area/tie.are
../area/time1.are
../area/uts.are
../area/vegeta.are
../area/vegeta2.are
../area/yard1.are
../area/zfight1.are
$
